mod1.zip
	A.txt
	B.txt
	C.txt
	newdir/N.txt
mod2
	newdir/newsubdir/A.txt
	newdir/newsubdir/B.txt
